I'm sorry, but errors were detected in your script. Please correct the
errors listed below, and try again.


The label day_1 is defined twice, at File "game/scripts/day_1.rpyc", line 3:

and File "game/scripts/day_openings.rpy", line 3:
label day_1:


The label day_2 is defined twice, at File "game/scripts/day_1.rpyc", line 28:

and File "game/scripts/day_openings.rpy", line 28:
label day_2:


Ren'Py Version: Ren'Py 8.1.0.23051307
Wed May 24 17:20:00 2023
